../Core/Src/main.c:78:5:main	240	static
../Core/Src/main.c:285:6:SystemClock_Config	88	static
../Core/Src/main.c:332:13:MX_SPI3_Init	8	static
../Core/Src/main.c:369:13:MX_TIM3_Init	56	static
../Core/Src/main.c:418:13:MX_USART2_UART_Init	8	static
../Core/Src/main.c:451:13:MX_GPIO_Init	48	static
../Core/Src/main.c:493:5:encoder_position_read	24	static
../Core/Src/main.c:557:6:HAL_SPI_TxCpltCallback	16	static
../Core/Src/main.c:564:6:HAL_SPI_RxCpltCallback	16	static
../Core/Src/main.c:570:6:HAL_SPI_TxRxCpltCallback	16	static
../Core/Src/main.c:575:6:HAL_SPI_ErrorCallback	16	static
../Core/Src/main.c:581:6:HAL_UART_TxCpltCallback	16	static
../Core/Src/main.c:587:6:HAL_UART_ErrorCallback	16	static
../Core/Src/main.c:598:6:Error_Handler	4	static,ignoring_inline_asm
